[profwarles.blogspot.com/2017/04/quiz-1-portugues-3-ano.html]
[backblue.gif]
[fade.gif]
[index.html]
[profwarles.blogspot.com/2017/04/ https_/blogdoprofwarles.com/Port/3°AnoPort(EF)/img1_quiz1_Port_3(E.F).2.delayed]
[4.bp.blogspot.com/-hNQGtKaHakU/VwV7JQ0XS8I/AAAAAAAAAqw/NIB_1RgJfLktrMQJ2nRG6gNdFgyn75v7A/s0-r/verde claro    .png]
[www.blogblog.com/1kt/transparent/black50.png]
[www.blogblog.com/1kt/transparent/white80.png]
[blogdoprofwarles.com/icone/up-arrow.png]
[4.bp.blogspot.com/-93rQLhotTqQ/WBSG1DOUDVI/AAAAAAAAA5U/_gKkxX_8f0ccaAqKeTXvUFd-dnc7QBRXACLcB/s1600/house-outline.png]
[blogdoprofwarles.com/icone/setamenucelular.png]
[code.jquery.com/jquery-2.1.1.min.js]
[apis.google.com/js/platform.js]
[pagead2.googlesyndication.com/pagead/js/f.txt]
[4.bp.blogspot.com/-OhOsxIlcg0k/Uoe13wJP35I/AAAAAAAAAZ0/kRGZPm56jm4/s1600/cooltext1287405770.png]
[blogdoprofwarles.com/JS/menu_jquery_bpw_vs2.js]
[blogdoprofwarles.com/JS/menu_carousel_bpw_vs2.js]
[pagead2.googlesyndication.com/pagead/js/f-2.txt]
[pagead2.googlesyndication.com/pagead/f.txt]
[code.jquery.com/jquery-1.7.min.js]
[blogdoprofwarles.com/CSS/Bpw_Quiz_Sim_Style1.css]
[blogdoprofwarles.com/JS/Bpw_Quiz_SimJavaScript5.js]
[blogdoprofwarles.com/Port/3°AnoPort(EF)/img1_quiz1_Port_3(E.F).png]
[blogdoprofwarles.com/Port/3°AnoPort(EF)/img2_quiz1_Port_3(E.F).png]
[blogdoprofwarles.com/Port/3°AnoPort(EF)/img3_quiz1_Port_3(E.F).png]
[blogdoprofwarles.com/Port/3°AnoPort(EF)/img4_quiz1_Port_3(E.F).png]
[blogdoprofwarles.com/Port/3°AnoPort(EF)/img5_quiz1_Port_3(E.F).png]
[blogdoprofwarles.com/Port/3°AnoPort(EF)/img6_quiz1_Port_3(E.F).png]
[blogdoprofwarles.com/Port/3°AnoPort(EF)/img7_quiz1_Port_3(E.F).png]
[blogdoprofwarles.com/Port/3°AnoPort(EF)/img8_quiz1_Port_3(E.F).png]
[blogdoprofwarles.com/JS/Bpw_Quiz_SimJavaScript4.js]
[blogdoprofwarles.com/JS/Bpw_Quiz_SimJavaScript3.js]
[blogdoprofwarles.com/JS/Bpw_Quiz_SimJavaScript2.js]
[blogdoprofwarles.com/JS/Bpw_Quiz_SimJavaScript1.js]
[resources.blogblog.com/img/icon18_edit_allbkg.gif]
[www.blogger.com/img/blogger_logo_round_35.png]
[profwarles.blogspot.com/2017/04/quiz-1-portugues-3-ano1c2d.html]
[profwarles.blogspot.com/2017/04/quiz-1-portugues-3-ano3501.html]
[profwarles.blogspot.com/2017/04/quiz-1-portugues-3-ano5a99.html]
[profwarles.blogspot.com/2017/04/quiz-1-portugues-3-anoc202.html]
[www.blogger.com/static/v1/jsbin/2276294889-comment_from_post_iframe.js]
[profwarles.blogspot.com/2017/04/quiz-2-portugues-3-ano.html]
[profwarles.blogspot.com/2017/04/quiz-10-portugues-3-ano.html]
[profwarles.blogspot.com/2017/04/index.html]
[profwarles.blogspot.com/2017/04/quiz-9-portugues-3-ano.html]
[profwarles.blogspot.com/2017/04/quiz-7-portugues-3-ano.html]
[profwarles.blogspot.com/2017/04/quiz-6-portugues-3-ano.html]
[profwarles.blogspot.com/2017/04/quiz-8-portugues-3-ano.html]
[profwarles.blogspot.com/2017/04/quiz-5-portugues-3-ano.html]
[profwarles.blogspot.com/2017/04/quiz-4-portugues-3-ano.html]
[profwarles.blogspot.com/2017/04/quiz-3-portugues-3-ano.html]
[widgets.amung.us/tab.js]
[widgets.amung.us/classic.js]
[blogger.googleusercontent.com/img/b/R29vZ2xl/AVvXsEjCYKfcsKtNvjT2v-Ai8nkE7f0DLseVMWoO-GjBXnc/s92/Sem t_tulo.png_;filename_=UTF-8''Sem%20t%C3%ADtulo.png]
[www.blogger.com/img/logo-16.png]
[translate.google.com/translate_a/elementa0d8.js]
[www.google-analytics.com/analytics.js]
[www.blogger.com/static/v1/widgets/2767558538-widgets.js]
[profwarles.blogspot.com/2017/04/quiz-1-portugues-3-ano.html]
[www.blogger.com/img/widgets/stats-flipper.png]
[resources.blogblog.com/img/widgets/s_top.png]
[www.blogger.com/static/v1/widgets/3566091532-css_bundle_v2.css]
[profwarles.blogspot.com/2017/04/ https_/blogdoprofwarles.com/Port/3°AnoPort(EF)/img1_quiz1_Port_3(E.F).html]
[www.blogger.com/dyn-css/authorization7dca.css]
[blogdoprofwarles.com/JS/menu_jquery_bpw_vs2.js]
[blogdoprofwarles.com/JS/menu_carousel_bpw_vs2.js]
[blogdoprofwarles.com/CSS/Bpw_Quiz_Sim_Style1.css]
[blogdoprofwarles.com/JS/Bpw_Quiz_SimJavaScript5.js]
[blogdoprofwarles.com/JS/Bpw_Quiz_SimJavaScript4.js]
[profwarles.blogspot.com/2017/04/e.3c.delayed]
[blogdoprofwarles.com/JS/Bpw_Quiz_SimJavaScript3.js]
[blogdoprofwarles.com/JS/Bpw_Quiz_SimJavaScript2.js]
[blogdoprofwarles.com/JS/Bpw_Quiz_SimJavaScript1.js]
[profwarles.blogspot.com/2017/04/quiz-1-portugues-3-ano1c2d.html]
[profwarles.blogspot.com/2017/04/quiz-1-portugues-3-ano3501.html]
[profwarles.blogspot.com/2017/04/quiz-1-portugues-3-ano5a99.html]
[profwarles.blogspot.com/2017/04/quiz-1-portugues-3-anoc202.html]
[profwarles.blogspot.com/2017/04/ https_/blogdoprofwarles.com/Port/3°AnoPort(EF)/img1_quiz2_Port_3(E.F).3d.delayed]
[blogdoprofwarles.com/Port/3°AnoPort(EF)/img1_quiz2_Port_3(E.F).png]
[blogdoprofwarles.com/Port/3°AnoPort(EF)/img2_quiz2_Port_3(E.F).png]
[blogdoprofwarles.com/Port/3°AnoPort(EF)/img3_quiz2_Port_3(E.F).png]
[blogdoprofwarles.com/Port/3°AnoPort(EF)/img4_quiz2_Port_3(E.F).png]
[blogdoprofwarles.com/Port/3°AnoPort(EF)/img5_quiz2_Port_3(E.F).png]
[blogdoprofwarles.com/Port/3°AnoPort(EF)/img6_quiz2_Port_3(E.F).png]
[blogdoprofwarles.com/Port/3°AnoPort(EF)/img7_quiz2_Port_3(E.F).png]
[profwarles.blogspot.com/2017/04/quiz-2-portugues-3-anocac2.html]
[resources.blogblog.com/img/blank.gif]
[profwarles.blogspot.com/2017/04/quiz-2-portugues-3-anoc377.html]
[profwarles.blogspot.com/2017/04/quiz-2-portugues-3-anof568.html]
[profwarles.blogspot.com/2017/04/quiz-2-portugues-3-ano.html]
[profwarles.blogspot.com/2017/04/quiz-2-portugues-3-ano66ca.html]
[blogdoprofwarles.com/Port/3°AnoPort(EF)/img1_quiz10_Port_3(E.F).png]
[blogdoprofwarles.com/Port/3°AnoPort(EF)/img2_quiz10_Port_3(E.F).png]
[blogdoprofwarles.com/Port/3°AnoPort(EF)/img3_quiz10_Port_3(E.F).png]
[blogdoprofwarles.com/Port/3°AnoPort(EF)/img4_quiz10_Port_3(E.F).png]
[blogdoprofwarles.com/Port/3°AnoPort(EF)/img5_quiz10_Port_3(E.F).png]
[blogdoprofwarles.com/Port/3°AnoPort(EF)/img6_quiz10_Port_3(E.F).png]
[blogdoprofwarles.com/Port/3°AnoPort(EF)/img7_quiz10_Port_3(E.F).png]
[blogdoprofwarles.com/Port/3°AnoPort(EF)/img1_quiz9_Port_3(E.F).png]
[blogdoprofwarles.com/Port/3°AnoPort(EF)/img1_quiz7_Port_3(E.F).png]
[blogdoprofwarles.com/Port/3°AnoPort(EF)/img2_quiz7_Port_3(E.F).png]
[blogdoprofwarles.com/Port/3°AnoPort(EF)/img3_quiz7_Port_3(E.F).png]
[blogdoprofwarles.com/Port/3°AnoPort(EF)/img4_quiz7_Port_3(E.F).png]
[blogdoprofwarles.com/Port/3°AnoPort(EF)/img1_quiz6_Port_3(E.F).png]
[blogdoprofwarles.com/Port/3°AnoPort(EF)/img2_quiz6_Port_3(E.F).png]
[blogdoprofwarles.com/Port/3°AnoPort(EF)/img3_quiz6_Port_3(E.F).png]
[blogdoprofwarles.com/Port/3°AnoPort(EF)/img4_quiz6_Port_3(E.F).png]
[profwarles.blogspot.com/2017/04/index.html]
[profwarles.blogspot.com/2017/04/ https_/blogdoprofwarles.com/Port/3°AnoPort(EF)/img1_quiz10_Port_3(E.F).5a.delayed]
[profwarles.blogspot.com/2017/04/quiz-10-portugues-3-ano.html]
[profwarles.blogspot.com/2017/04/ https_/blogdoprofwarles.com/Port/3°AnoPort(EF)/img1_quiz9_Port_3(E.F).5b.delayed]
[draft.blogger.com/img/logo-16.png]
[profwarles.blogspot.com/2017/04/quiz-9-portugues-3-ano.html]
[profwarles.blogspot.com/2017/04/ https_/blogdoprofwarles.com/Port/3°AnoPort(EF)/img1_quiz7_Port_3(E.F).5e.delayed]
[profwarles.blogspot.com/2017/04/quiz-7-portugues-3-ano.html]
[profwarles.blogspot.com/2017/04/quiz-6-portugues-3-ano.html]
[profwarles.blogspot.com/2017/04/quiz-8-portugues-3-ano.html]
[profwarles.blogspot.com/2017/04/quiz-5-portugues-3-ano.html]
[profwarles.blogspot.com/2017/04/quiz-4-portugues-3-ano.html]
[profwarles.blogspot.com/2017/04/quiz-3-portugues-3-ano.html]
[widgets.amung.us/tab.js]
[widgets.amung.us/classic.js]
[profwarles.blogspot.com/2017/04/e.html]
[profwarles.blogspot.com/2017/04/ https_/blogdoprofwarles.com/Port/3°AnoPort(EF)/img1_quiz2_Port_3(E.F).html]
[profwarles.blogspot.com/2017/04/quiz-2-portugues-3-anocac2.html]
[profwarles.blogspot.com/2017/04/quiz-2-portugues-3-anoc377.html]
[profwarles.blogspot.com/2017/04/quiz-2-portugues-3-anof568.html]
[profwarles.blogspot.com/2017/04/quiz-2-portugues-3-ano66ca.html]
